javac : C:\Users\garje\eclipse-workspac
e\mobile-accessories-store\src\main\jav
a\controller\CartServlet.java:7: 
error: package jakarta.servlet does 
not exist
At line:1 char:1
+ javac -cp "C:\Users\garje\eclipse-wor
kspace\mobile-accessories-store\ ...
+ ~~~~~~~~~~~~~~~~~~~~~~~~~~~~~~~~~~~~~
~~~~~~~~~~~~~~~~~~~~~~~~~~~~~~~~
    + CategoryInfo          : N    
otSpecified: (C:\Users\garj    e\... 
does not exist:String    ) [], 
RemoteException
    + FullyQualifiedErrorId : N    
ativeCommandError
 
import 
jakarta.servlet.ServletException;
                      ^
C:\Users\garje\eclipse-workspace\mobile
-accessories-store\src\main\java\contro
ller\CartServlet.java:8: error: 
package jakarta.servlet.annotation 
does not exist
import 
jakarta.servlet.annotation.WebServlet;
                                 ^
C:\Users\garje\eclipse-workspace\mobile
-accessories-store\src\main\java\contro
ller\CartServlet.java:9: error: 
package jakarta.servlet.http does not 
exist
import 
jakarta.servlet.http.HttpServlet;
                           ^
C:\Users\garje\eclipse-workspace\mobile
-accessories-store\src\main\java\contro
ller\CartServlet.java:10: error: 
package jakarta.servlet.http does not 
exist
import jakarta.servlet.http.HttpServlet
Request;
                           ^
C:\Users\garje\eclipse-workspace\mobile
-accessories-store\src\main\java\contro
ller\CartServlet.java:11: error: 
package jakarta.servlet.http does not 
exist
import jakarta.servlet.http.HttpServlet
Response;
                           ^
C:\Users\garje\eclipse-workspace\mobile
-accessories-store\src\main\java\contro
ller\CartServlet.java:13: error: 
package model does not exist
import model.User;
            ^
C:\Users\garje\eclipse-workspace\mobile
-accessories-store\src\main\java\contro
ller\CartServlet.java:17: error: 
cannot find symbol
public class CartServlet extends 
HttpServlet {
                                 ^
  symbol: class HttpServlet
C:\Users\garje\eclipse-workspace\mobile
-accessories-store\src\main\java\contro
ller\CartServlet.java:16: error: 
cannot find symbol
@WebServlet("/CartServlet")
 ^
  symbol: class WebServlet
C:\Users\garje\eclipse-workspace\mobile
-accessories-store\src\main\java\dao\Ca
rtDAO.java:12: error: package model 
does not exist
import model.Product;
            ^
C:\Users\garje\eclipse-workspace\mobile
-accessories-store\src\main\java\dao\Ca
rtDAO.java:13: error: package utils 
does not exist
import utils.DBConnection;
            ^
C:\Users\garje\eclipse-workspace\mobile
-accessories-store\src\main\java\contro
ller\CartServlet.java:25: error: 
cannot find symbol
    protected void 
doGet(HttpServletRequest request, 
HttpServletResponse response)
                         ^
  symbol:   class HttpServletRequest
  location: class CartServlet
C:\Users\garje\eclipse-workspace\mobile
-accessories-store\src\main\java\contro
ller\CartServlet.java:25: error: 
cannot find symbol
    protected void 
doGet(HttpServletRequest request, 
HttpServletResponse response)
                                       
              ^
  symbol:   class HttpServletResponse
  location: class CartServlet
C:\Users\garje\eclipse-workspace\mobile
-accessories-store\src\main\java\contro
ller\CartServlet.java:26: error: 
cannot find symbol
            throws ServletException, 
IOException {
                   ^
  symbol:   class ServletException
  location: class CartServlet
C:\Users\garje\eclipse-workspace\mobile
-accessories-store\src\main\java\contro
ller\CartServlet.java:46: error: 
cannot find symbol
    protected void 
doPost(HttpServletRequest request, 
HttpServletResponse response)
                          ^
  symbol:   class HttpServletRequest
  location: class CartServlet
C:\Users\garje\eclipse-workspace\mobile
-accessories-store\src\main\java\contro
ller\CartServlet.java:46: error: 
cannot find symbol
    protected void 
doPost(HttpServletRequest request, 
HttpServletResponse response)
                                       
               ^
  symbol:   class HttpServletResponse
  location: class CartServlet
C:\Users\garje\eclipse-workspace\mobile
-accessories-store\src\main\java\contro
ller\CartServlet.java:47: error: 
cannot find symbol
            throws ServletException, 
IOException {
                   ^
  symbol:   class ServletException
  location: class CartServlet
C:\Users\garje\eclipse-workspace\mobile
-accessories-store\src\main\java\contro
ller\CartServlet.java:51: error: 
cannot find symbol
    private void 
addToCart(HttpServletRequest request, 
HttpServletResponse response)
                           ^
  symbol:   class HttpServletRequest
  location: class CartServlet
C:\Users\garje\eclipse-workspace\mobile
-accessories-store\src\main\java\contro
ller\CartServlet.java:51: error: 
cannot find symbol
    private void 
addToCart(HttpServletRequest request, 
HttpServletResponse response)
                                       
                ^
  symbol:   class HttpServletResponse
  location: class CartServlet
C:\Users\garje\eclipse-workspace\mobile
-accessories-store\src\main\java\contro
ller\CartServlet.java:52: error: 
cannot find symbol
            throws ServletException, 
IOException {
                   ^
  symbol:   class ServletException
  location: class CartServlet
C:\Users\garje\eclipse-workspace\mobile
-accessories-store\src\main\java\contro
ller\CartServlet.java:65: error: 
cannot find symbol
    private void 
removeFromCart(HttpServletRequest 
request, HttpServletResponse response)
                                ^
  symbol:   class HttpServletRequest
  location: class CartServlet
C:\Users\garje\eclipse-workspace\mobile
-accessories-store\src\main\java\contro
ller\CartServlet.java:65: error: 
cannot find symbol
    private void 
removeFromCart(HttpServletRequest 
request, HttpServletResponse response)
                                       
                     ^
  symbol:   class HttpServletResponse
  location: class CartServlet
C:\Users\garje\eclipse-workspace\mobile
-accessories-store\src\main\java\contro
ller\CartServlet.java:66: error: 
cannot find symbol
            throws ServletException, 
IOException {
                   ^
  symbol:   class ServletException
  location: class CartServlet
C:\Users\garje\eclipse-workspace\mobile
-accessories-store\src\main\java\contro
ller\CartServlet.java:79: error: 
cannot find symbol
    private void 
viewCart(HttpServletRequest request, 
HttpServletResponse response)
                          ^
  symbol:   class HttpServletRequest
  location: class CartServlet
C:\Users\garje\eclipse-workspace\mobile
-accessories-store\src\main\java\contro
ller\CartServlet.java:79: error: 
cannot find symbol
    private void 
viewCart(HttpServletRequest request, 
HttpServletResponse response)
                                       
               ^
  symbol:   class HttpServletResponse
  location: class CartServlet
C:\Users\garje\eclipse-workspace\mobile
-accessories-store\src\main\java\contro
ller\CartServlet.java:80: error: 
cannot find symbol
            throws ServletException, 
IOException {
                   ^
  symbol:   class ServletException
  location: class CartServlet
C:\Users\garje\eclipse-workspace\mobile
-accessories-store\src\main\java\contro
ller\LoginServlet.java:4: error: 
package jakarta.servlet does not exist
import 
jakarta.servlet.ServletException;
                      ^
C:\Users\garje\eclipse-workspace\mobile
-accessories-store\src\main\java\contro
ller\LoginServlet.java:5: error: 
package jakarta.servlet.annotation 
does not exist
import 
jakarta.servlet.annotation.WebServlet;
                                 ^
C:\Users\garje\eclipse-workspace\mobile
-accessories-store\src\main\java\contro
ller\LoginServlet.java:6: error: 
package jakarta.servlet.http does not 
exist
import 
jakarta.servlet.http.HttpServlet;
                           ^
C:\Users\garje\eclipse-workspace\mobile
-accessories-store\src\main\java\contro
ller\LoginServlet.java:7: error: 
package jakarta.servlet.http does not 
exist
import jakarta.servlet.http.HttpServlet
Request;
                           ^
C:\Users\garje\eclipse-workspace\mobile
-accessories-store\src\main\java\contro
ller\LoginServlet.java:8: error: 
package jakarta.servlet.http does not 
exist
import jakarta.servlet.http.HttpServlet
Response;
                           ^
C:\Users\garje\eclipse-workspace\mobile
-accessories-store\src\main\java\contro
ller\LoginServlet.java:9: error: 
package jakarta.servlet.http does not 
exist
import 
jakarta.servlet.http.HttpSession;
                           ^
C:\Users\garje\eclipse-workspace\mobile
-accessories-store\src\main\java\contro
ller\LoginServlet.java:11: error: 
package model does not exist
import model.User;
            ^
C:\Users\garje\eclipse-workspace\mobile
-accessories-store\src\main\java\contro
ller\LoginServlet.java:14: error: 
cannot find symbol
public class LoginServlet extends 
HttpServlet {
                                  ^
  symbol: class HttpServlet
C:\Users\garje\eclipse-workspace\mobile
-accessories-store\src\main\java\contro
ller\LoginServlet.java:13: error: 
cannot find symbol
@WebServlet("/LoginServlet")
 ^
  symbol: class WebServlet
C:\Users\garje\eclipse-workspace\mobile
-accessories-store\src\main\java\dao\Us
erDAO.java:7: error: package model 
does not exist
import model.User;
            ^
C:\Users\garje\eclipse-workspace\mobile
-accessories-store\src\main\java\dao\Us
erDAO.java:8: error: package utils 
does not exist
import utils.DBConnection;
            ^
C:\Users\garje\eclipse-workspace\mobile
-accessories-store\src\main\java\contro
ller\LoginServlet.java:22: error: 
cannot find symbol
    protected void 
doPost(HttpServletRequest request, 
HttpServletResponse response)
                          ^
  symbol:   class HttpServletRequest
  location: class LoginServlet
C:\Users\garje\eclipse-workspace\mobile
-accessories-store\src\main\java\contro
ller\LoginServlet.java:22: error: 
cannot find symbol
    protected void 
doPost(HttpServletRequest request, 
HttpServletResponse response)
                                       
               ^
  symbol:   class HttpServletResponse
  location: class LoginServlet
C:\Users\garje\eclipse-workspace\mobile
-accessories-store\src\main\java\contro
ller\LoginServlet.java:23: error: 
cannot find symbol
            throws ServletException, 
IOException {
                   ^
  symbol:   class ServletException
  location: class LoginServlet
C:\Users\garje\eclipse-workspace\mobile
-accessories-store\src\main\java\dao\Us
erDAO.java:12: error: cannot find 
symbol
    public boolean registerUser(User 
user) {
                                ^
  symbol:   class User
  location: class UserDAO
C:\Users\garje\eclipse-workspace\mobile
-accessories-store\src\main\java\dao\Us
erDAO.java:35: error: cannot find 
symbol
    public User loginUser(String 
email, String password) {
           ^
  symbol:   class User
  location: class UserDAO
C:\Users\garje\eclipse-workspace\mobile
-accessories-store\src\main\java\contro
ller\OrderServlet.java:8: error: 
package jakarta.servlet does not exist
import 
jakarta.servlet.ServletException;
                      ^
C:\Users\garje\eclipse-workspace\mobile
-accessories-store\src\main\java\contro
ller\OrderServlet.java:9: error: 
package jakarta.servlet.annotation 
does not exist
import 
jakarta.servlet.annotation.WebServlet;
                                 ^
C:\Users\garje\eclipse-workspace\mobile
-accessories-store\src\main\java\contro
ller\OrderServlet.java:10: error: 
package jakarta.servlet.http does not 
exist
import 
jakarta.servlet.http.HttpServlet;
                           ^
C:\Users\garje\eclipse-workspace\mobile
-accessories-store\src\main\java\contro
ller\OrderServlet.java:11: error: 
package jakarta.servlet.http does not 
exist
import jakarta.servlet.http.HttpServlet
Request;
                           ^
C:\Users\garje\eclipse-workspace\mobile
-accessories-store\src\main\java\contro
ller\OrderServlet.java:12: error: 
package jakarta.servlet.http does not 
exist
import jakarta.servlet.http.HttpServlet
Response;
                           ^
C:\Users\garje\eclipse-workspace\mobile
-accessories-store\src\main\java\contro
ller\OrderServlet.java:16: error: 
package model does not exist
import model.Order;
            ^
C:\Users\garje\eclipse-workspace\mobile
-accessories-store\src\main\java\contro
ller\OrderServlet.java:17: error: 
package model does not exist
import model.User;
            ^
C:\Users\garje\eclipse-workspace\mobile
-accessories-store\src\main\java\contro
ller\OrderServlet.java:20: error: 
cannot find symbol
public class OrderServlet extends 
HttpServlet {
                                  ^
  symbol: class HttpServlet
C:\Users\garje\eclipse-workspace\mobile
-accessories-store\src\main\java\contro
ller\OrderServlet.java:19: error: 
cannot find symbol
@WebServlet("/OrderServlet")
 ^
  symbol: class WebServlet
C:\Users\garje\eclipse-workspace\mobile
-accessories-store\src\main\java\dao\Or
derDAO.java:10: error: package model 
does not exist
import model.Order;
            ^
C:\Users\garje\eclipse-workspace\mobile
-accessories-store\src\main\java\dao\Or
derDAO.java:11: error: package utils 
does not exist
import utils.DBConnection;
            ^
C:\Users\garje\eclipse-workspace\mobile
-accessories-store\src\main\java\contro
ller\OrderServlet.java:28: error: 
cannot find symbol
    protected void 
doGet(HttpServletRequest request, 
HttpServletResponse response)
                         ^
  symbol:   class HttpServletRequest
  location: class OrderServlet
C:\Users\garje\eclipse-workspace\mobile
-accessories-store\src\main\java\contro
ller\OrderServlet.java:28: error: 
cannot find symbol
    protected void 
doGet(HttpServletRequest request, 
HttpServletResponse response)
                                       
              ^
  symbol:   class HttpServletResponse
  location: class OrderServlet
C:\Users\garje\eclipse-workspace\mobile
-accessories-store\src\main\java\contro
ller\OrderServlet.java:29: error: 
cannot find symbol
            throws ServletException, 
IOException {
                   ^
  symbol:   class ServletException
  location: class OrderServlet
C:\Users\garje\eclipse-workspace\mobile
-accessories-store\src\main\java\contro
ller\OrderServlet.java:51: error: 
cannot find symbol
    protected void 
doPost(HttpServletRequest request, 
HttpServletResponse response)
                          ^
  symbol:   class HttpServletRequest
  location: class OrderServlet
C:\Users\garje\eclipse-workspace\mobile
-accessories-store\src\main\java\contro
ller\OrderServlet.java:51: error: 
cannot find symbol
    protected void 
doPost(HttpServletRequest request, 
HttpServletResponse response)
                                       
               ^
  symbol:   class HttpServletResponse
  location: class OrderServlet
C:\Users\garje\eclipse-workspace\mobile
-accessories-store\src\main\java\contro
ller\OrderServlet.java:52: error: 
cannot find symbol
            throws ServletException, 
IOException {
                   ^
  symbol:   class ServletException
  location: class OrderServlet
C:\Users\garje\eclipse-workspace\mobile
-accessories-store\src\main\java\contro
ller\OrderServlet.java:63: error: 
cannot find symbol
    private void 
placeOrder(HttpServletRequest request, 
HttpServletResponse response)
                            ^
  symbol:   class HttpServletRequest
  location: class OrderServlet
C:\Users\garje\eclipse-workspace\mobile
-accessories-store\src\main\java\contro
ller\OrderServlet.java:63: error: 
cannot find symbol
    private void 
placeOrder(HttpServletRequest request, 
HttpServletResponse response)
                                       
                 ^
  symbol:   class HttpServletResponse
  location: class OrderServlet
C:\Users\garje\eclipse-workspace\mobile
-accessories-store\src\main\java\contro
ller\OrderServlet.java:64: error: 
cannot find symbol
            throws ServletException, 
IOException {
                   ^
  symbol:   class ServletException
  location: class OrderServlet
C:\Users\garje\eclipse-workspace\mobile
-accessories-store\src\main\java\contro
ller\OrderServlet.java:89: error: 
cannot find symbol
    private void 
adminListOrders(HttpServletRequest 
request, HttpServletResponse response)
                                 ^
  symbol:   class HttpServletRequest
  location: class OrderServlet
C:\Users\garje\eclipse-workspace\mobile
-accessories-store\src\main\java\contro
ller\OrderServlet.java:89: error: 
cannot find symbol
    private void 
adminListOrders(HttpServletRequest 
request, HttpServletResponse response)
                                       
                      ^
  symbol:   class HttpServletResponse
  location: class OrderServlet
C:\Users\garje\eclipse-workspace\mobile
-accessories-store\src\main\java\contro
ller\OrderServlet.java:90: error: 
cannot find symbol
            throws ServletException, 
IOException {
                   ^
  symbol:   class ServletException
  location: class OrderServlet
C:\Users\garje\eclipse-workspace\mobile
-accessories-store\src\main\java\contro
ller\OrderServlet.java:96: error: 
cannot find symbol
    private void 
deliveryListOrders(HttpServletRequest 
request, HttpServletResponse response)
                                    ^
  symbol:   class HttpServletRequest
  location: class OrderServlet
C:\Users\garje\eclipse-workspace\mobile
-accessories-store\src\main\java\contro
ller\OrderServlet.java:96: error: 
cannot find symbol
    private void 
deliveryListOrders(HttpServletRequest 
request, HttpServletResponse response)
                                       
                         ^
  symbol:   class HttpServletResponse
  location: class OrderServlet
C:\Users\garje\eclipse-workspace\mobile
-accessories-store\src\main\java\contro
ller\OrderServlet.java:97: error: 
cannot find symbol
            throws ServletException, 
IOException {
                   ^
  symbol:   class ServletException
  location: class OrderServlet
C:\Users\garje\eclipse-workspace\mobile
-accessories-store\src\main\java\contro
ller\OrderServlet.java:103: error: 
cannot find symbol
    private void 
myOrders(HttpServletRequest request, 
HttpServletResponse response)
                          ^
  symbol:   class HttpServletRequest
  location: class OrderServlet
C:\Users\garje\eclipse-workspace\mobile
-accessories-store\src\main\java\contro
ller\OrderServlet.java:103: error: 
cannot find symbol
    private void 
myOrders(HttpServletRequest request, 
HttpServletResponse response)
                                       
               ^
  symbol:   class HttpServletResponse
  location: class OrderServlet
C:\Users\garje\eclipse-workspace\mobile
-accessories-store\src\main\java\contro
ller\OrderServlet.java:104: error: 
cannot find symbol
            throws ServletException, 
IOException {
                   ^
  symbol:   class ServletException
  location: class OrderServlet
C:\Users\garje\eclipse-workspace\mobile
-accessories-store\src\main\java\contro
ller\OrderServlet.java:115: error: 
cannot find symbol
    private void 
updateStatus(HttpServletRequest 
request, HttpServletResponse response)
                              ^
  symbol:   class HttpServletRequest
  location: class OrderServlet
C:\Users\garje\eclipse-workspace\mobile
-accessories-store\src\main\java\contro
ller\OrderServlet.java:115: error: 
cannot find symbol
    private void 
updateStatus(HttpServletRequest 
request, HttpServletResponse response)
                                       
                   ^
  symbol:   class HttpServletResponse
  location: class OrderServlet
C:\Users\garje\eclipse-workspace\mobile
-accessories-store\src\main\java\dao\Or
derDAO.java:108: error: cannot find 
symbol
    public List<Order> 
getOrdersForAdmin() {
                ^
  symbol:   class Order
  location: class OrderDAO
C:\Users\garje\eclipse-workspace\mobile
-accessories-store\src\main\java\dao\Or
derDAO.java:112: error: cannot find 
symbol
    public List<Order> 
getOrdersForDelivery() {
                ^
  symbol:   class Order
  location: class OrderDAO
C:\Users\garje\eclipse-workspace\mobile
-accessories-store\src\main\java\dao\Or
derDAO.java:116: error: cannot find 
symbol
    public List<Order> 
getOrdersByUserId(int userId) {
                ^
  symbol:   class Order
  location: class OrderDAO
C:\Users\garje\eclipse-workspace\mobile
-accessories-store\src\main\java\dao\Or
derDAO.java:141: error: cannot find 
symbol
    private List<Order> 
getOrders(String query) {
                 ^
  symbol:   class Order
  location: class OrderDAO
C:\Users\garje\eclipse-workspace\mobile
-accessories-store\src\main\java\contro
ller\ProductServlet.java:7: error: 
package jakarta.servlet does not exist
import 
jakarta.servlet.ServletException;
                      ^
C:\Users\garje\eclipse-workspace\mobile
-accessories-store\src\main\java\contro
ller\ProductServlet.java:8: error: 
package jakarta.servlet.annotation 
does not exist
import 
jakarta.servlet.annotation.WebServlet;
                                 ^
C:\Users\garje\eclipse-workspace\mobile
-accessories-store\src\main\java\contro
ller\ProductServlet.java:9: error: 
package jakarta.servlet.http does not 
exist
import 
jakarta.servlet.http.HttpServlet;
                           ^
C:\Users\garje\eclipse-workspace\mobile
-accessories-store\src\main\java\contro
ller\ProductServlet.java:10: error: 
package jakarta.servlet.http does not 
exist
import jakarta.servlet.http.HttpServlet
Request;
                           ^
C:\Users\garje\eclipse-workspace\mobile
-accessories-store\src\main\java\contro
ller\ProductServlet.java:11: error: 
package jakarta.servlet.http does not 
exist
import jakarta.servlet.http.HttpServlet
Response;
                           ^
C:\Users\garje\eclipse-workspace\mobile
-accessories-store\src\main\java\contro
ller\ProductServlet.java:16: error: 
package model does not exist
import model.Product;
            ^
C:\Users\garje\eclipse-workspace\mobile
-accessories-store\src\main\java\contro
ller\ProductServlet.java:19: error: 
cannot find symbol
public class ProductServlet extends 
HttpServlet {
                                    ^
  symbol: class HttpServlet
C:\Users\garje\eclipse-workspace\mobile
-accessories-store\src\main\java\contro
ller\ProductServlet.java:18: error: 
cannot find symbol
@WebServlet("/ProductServlet")
 ^
  symbol: class WebServlet
C:\Users\garje\eclipse-workspace\mobile
-accessories-store\src\main\java\dao\Pr
oductDAO.java:9: error: package model 
does not exist
import model.Product;
            ^
C:\Users\garje\eclipse-workspace\mobile
-accessories-store\src\main\java\dao\Pr
oductDAO.java:10: error: package utils 
does not exist
import utils.DBConnection;
            ^
C:\Users\garje\eclipse-workspace\mobile
-accessories-store\src\main\java\contro
ller\ProductServlet.java:27: error: 
cannot find symbol
    protected void 
doGet(HttpServletRequest request, 
HttpServletResponse response)
                         ^
  symbol:   class HttpServletRequest
  location: class ProductServlet
C:\Users\garje\eclipse-workspace\mobile
-accessories-store\src\main\java\contro
ller\ProductServlet.java:27: error: 
cannot find symbol
    protected void 
doGet(HttpServletRequest request, 
HttpServletResponse response)
                                       
              ^
  symbol:   class HttpServletResponse
  location: class ProductServlet
C:\Users\garje\eclipse-workspace\mobile
-accessories-store\src\main\java\contro
ller\ProductServlet.java:28: error: 
cannot find symbol
            throws ServletException, 
IOException {
                   ^
  symbol:   class ServletException
  location: class ProductServlet
C:\Users\garje\eclipse-workspace\mobile
-accessories-store\src\main\java\contro
ller\ProductServlet.java:47: error: 
cannot find symbol
    private void 
listProducts(HttpServletRequest 
request, HttpServletResponse response)
                              ^
  symbol:   class HttpServletRequest
  location: class ProductServlet
C:\Users\garje\eclipse-workspace\mobile
-accessories-store\src\main\java\contro
ller\ProductServlet.java:47: error: 
cannot find symbol
    private void 
listProducts(HttpServletRequest 
request, HttpServletResponse response)
                                       
                   ^
  symbol:   class HttpServletResponse
  location: class ProductServlet
C:\Users\garje\eclipse-workspace\mobile
-accessories-store\src\main\java\contro
ller\ProductServlet.java:48: error: 
cannot find symbol
            throws ServletException, 
IOException {
                   ^
  symbol:   class ServletException
  location: class ProductServlet
C:\Users\garje\eclipse-workspace\mobile
-accessories-store\src\main\java\contro
ller\ProductServlet.java:55: error: 
cannot find symbol
    private void 
apiListProducts(HttpServletRequest 
request, HttpServletResponse response)
                                 ^
  symbol:   class HttpServletRequest
  location: class ProductServlet
C:\Users\garje\eclipse-workspace\mobile
-accessories-store\src\main\java\contro
ller\ProductServlet.java:55: error: 
cannot find symbol
    private void 
apiListProducts(HttpServletRequest 
request, HttpServletResponse response)
                                       
                      ^
  symbol:   class HttpServletResponse
  location: class ProductServlet
C:\Users\garje\eclipse-workspace\mobile
-accessories-store\src\main\java\contro
ller\ProductServlet.java:56: error: 
cannot find symbol
            throws ServletException, 
IOException {
                   ^
  symbol:   class ServletException
  location: class ProductServlet
C:\Users\garje\eclipse-workspace\mobile
-accessories-store\src\main\java\contro
ller\ProductServlet.java:65: error: 
cannot find symbol
    private void 
viewProduct(HttpServletRequest 
request, HttpServletResponse response)
                             ^
  symbol:   class HttpServletRequest
  location: class ProductServlet
C:\Users\garje\eclipse-workspace\mobile
-accessories-store\src\main\java\contro
ller\ProductServlet.java:65: error: 
cannot find symbol
    private void 
viewProduct(HttpServletRequest 
request, HttpServletResponse response)
                                       
                  ^
  symbol:   class HttpServletResponse
  location: class ProductServlet
C:\Users\garje\eclipse-workspace\mobile
-accessories-store\src\main\java\contro
ller\ProductServlet.java:66: error: 
cannot find symbol
            throws ServletException, 
IOException {
                   ^
  symbol:   class ServletException
  location: class ProductServlet
C:\Users\garje\eclipse-workspace\mobile
-accessories-store\src\main\java\contro
ller\ProductServlet.java:73: error: 
cannot find symbol
    protected void 
doPost(HttpServletRequest request, 
HttpServletResponse response)
                          ^
  symbol:   class HttpServletRequest
  location: class ProductServlet
C:\Users\garje\eclipse-workspace\mobile
-accessories-store\src\main\java\contro
ller\ProductServlet.java:73: error: 
cannot find symbol
    protected void 
doPost(HttpServletRequest request, 
HttpServletResponse response)
                                       
               ^
  symbol:   class HttpServletResponse
  location: class ProductServlet
100 errors
only showing the first 100 errors, of 
168 total; use -Xmaxerrs if you would 
like to see more
